<?xml version="1.0" encoding="utf-8"?><testsuites><testsuite name="pytest" errors="0" failures="0" skipped="0" tests="31" time="214.361" timestamp="2025-07-22T10:37:52.667455" hostname="DESKTOP-OEP65FQ"><testcase classname="tests.test_api_negative.TestAPINegative" name="test_missing_user_id" time="0.115" /><testcase classname="tests.test_api_negative.TestAPINegative" name="test_missing_type" time="0.035" /><testcase classname="tests.test_api_negative.TestAPINegative" name="test_missing_video_time" time="0.028" /><testcase classname="tests.test_api_negative.TestAPINegative" name="test_missing_timestamp" time="0.022" /><testcase classname="tests.test_api_negative.TestAPINegative" name="test_empty_payload" time="0.014" /><testcase classname="tests.test_api_negative.TestAPINegative" name="test_null_values" time="0.013" /><testcase classname="tests.test_api_negative.TestAPINegative" name="test_wrong_type_video_time" time="0.013" /><testcase classname="tests.test_api_negative.TestAPINegative" name="test_negative_video_time" time="0.012" /><testcase classname="tests.test_api_negative.TestAPINegative" name="test_invalid_event_type" time="0.027" /><testcase classname="tests.test_api_negative.TestAPINegative" name="test_malformed_timestamp" time="0.017" /><testcase classname="tests.test_api_negative.TestAPINegative" name="test_extra_fields" time="0.021" /><testcase classname="tests.test_api_negative.TestAPINegative" name="test_wrong_content_type" time="0.021" /><testcase classname="tests.test_api_negative.TestAPINegative" name="test_malformed_json" time="0.037" /><testcase classname="tests.test_api_negative.TestAPINegative" name="test_huge_payload" time="0.024" /><testcase classname="tests.test_api_negative.TestAPINegative" name="test_special_characters" time="0.015" /><testcase classname="tests.test_api_positive.TestAPIPositive" name="test_send_play_event" time="0.013" /><testcase classname="tests.test_api_positive.TestAPIPositive" name="test_send_pause_event" time="0.011" /><testcase classname="tests.test_api_positive.TestAPIPositive" name="test_send_seeked_event" time="0.014" /><testcase classname="tests.test_api_positive.TestAPIPositive" name="test_send_scroll_event" time="0.010" /><testcase classname="tests.test_api_positive.TestAPIPositive" name="test_all_required_fields" time="0.009" /><testcase classname="tests.test_api_positive.TestAPIPositive" name="test_different_user_ids" time="0.030" /><testcase classname="tests.test_api_positive.TestAPIPositive" name="test_various_video_times" time="0.075" /><testcase classname="tests.test_api_positive.TestAPIPositive" name="test_rapid_events" time="0.089" /><testcase classname="tests.test_video.TestVideoPlayer" name="test_play_button[chrome]" time="15.229" /><testcase classname="tests.test_video.TestVideoPlayer" name="test_play_button[firefox]" time="36.706" /><testcase classname="tests.test_video.TestVideoPlayer" name="test_pause_button[chrome]" time="14.389" /><testcase classname="tests.test_video.TestVideoPlayer" name="test_pause_button[firefox]" time="31.658" /><testcase classname="tests.test_video.TestVideoPlayer" name="test_seek_control[chrome]" time="12.982" /><testcase classname="tests.test_video.TestVideoPlayer" name="test_seek_control[firefox]" time="25.835" /><testcase classname="tests.test_video.TestVideoPlayer" name="test_scroll_event[chrome]" time="15.276" /><testcase classname="tests.test_video.TestVideoPlayer" name="test_scroll_event[firefox]" time="28.747" /></testsuite></testsuites>